// Jest Snapshot v1, https://goo.gl/fbAQLP

exports[`TitleBar - default render should match snapshot 1`] = `
<div
  className="title-bar "
>
  <div
    className="inner"
  />
</div>
`;
