// Jest Snapshot v1, https://goo.gl/fbAQLP

exports[`Button - default render should match snapshot 1`] = `
<button
  className="button"
>
  Test Button
</button>
`;
